DEEP PATHOLOGY PIPELINE
========================================================================================
repo: /home/rohanhs568/code/aichessathon-starter
wall budget: 4.50 h
search lab: training/searchlab_agent.py
weights: weights/v1.npz
Stockfish: /usr/games/stockfish

PGNs found: 4
  /home/rohanhs568/code/aichessathon-starter/nn_vs_material.pgn
  /home/rohanhs568/code/aichessathon-starter/nn_vs_stockfish_2000.pgn
  /home/rohanhs568/code/aichessathon-starter/nn_vs_stockfish_full.pgn
  /home/rohanhs568/code/aichessathon-starter/v1_1_vs_v1.pgn
Unique position pool: 695

DISCOVERY: 695 positions, baseline fixed-depth 5, SF depth 14
[   6/695] PATH pgn_v1_1_vs_v1_g8_p98        move=g6g5 loss=689cp exp=0.500 d=5 elapsed=0.00h remaining=4.50h
[   7/695] PATH pgn_v1_1_vs_v1_g13_p69       move=e5a1 loss=133cp exp=0.000 d=5 elapsed=0.00h remaining=4.50h
[  10/695]      validation_0254              move=g7f8 loss=0cp exp=0.000 d=5 elapsed=0.00h remaining=4.50h
[  13/695] PATH validation_0300              move=d7c5 loss=38cp exp=0.245 d=5 elapsed=0.00h remaining=4.50h
[  20/695]      pgn_nn_vs_material_g19_p15   move=e4e5 loss=42cp exp=0.000 d=5 elapsed=0.01h remaining=4.49h
[  30/695]      validation_0137              move=g5f4 loss=0cp exp=0.000 d=5 elapsed=0.01h remaining=4.49h
[  33/695] PATH pgn_nn_vs_material_g5_p37    move=d4c5 loss=160cp exp=0.485 d=5 elapsed=0.01h remaining=4.49h
[  34/695] PATH validation_0237              move=e5g6 loss=82cp exp=0.203 d=5 elapsed=0.01h remaining=4.49h
[  35/695] PATH pgn_nn_vs_material_g2_p20    move=g4f2 loss=132cp exp=0.000 d=5 elapsed=0.01h remaining=4.49h
[  40/695]      pgn_nn_vs_material_g19_p46   move=h6f5 loss=0cp exp=0.000 d=5 elapsed=0.01h remaining=4.49h
[  41/695] PATH suite_0018                   move=c1g5 loss=45cp exp=0.109 d=5 elapsed=0.01h remaining=4.49h
[  45/695] PATH pgn_nn_vs_material_g12_p24   move=h4h5 loss=221cp exp=0.362 d=5 elapsed=0.01h remaining=4.49h
[  48/695] PATH validation_0350              move=f3g3 loss=100cp exp=0.076 d=5 elapsed=0.02h remaining=4.48h
[  50/695]      pgn_nn_vs_material_g14_p62   move=e8g8 loss=60cp exp=0.000 d=5 elapsed=0.02h remaining=4.48h
[  60/695]      validation_0274              move=f3h5 loss=0cp exp=0.000 d=5 elapsed=0.02h remaining=4.48h
[  63/695] PATH validation_0306              move=b7a6 loss=97cp exp=0.163 d=5 elapsed=0.02h remaining=4.48h
[  67/695] PATH validation_0356              move=a8b8 loss=83cp exp=0.139 d=5 elapsed=0.02h remaining=4.48h
[  70/695]      validation_0196              move=e7e6 loss=0cp exp=0.000 d=5 elapsed=0.02h remaining=4.48h
[  80/695]      validation_0236              move=f3g5 loss=0cp exp=0.000 d=5 elapsed=0.03h remaining=4.47h
[  81/695] PATH pgn_nn_vs_stockfish_2000_g3_p87 move=d4e5 loss=99216cp exp=0.000 d=5 elapsed=0.03h remaining=4.47h
[  90/695]      validation_0292              move=h7c7 loss=0cp exp=0.000 d=5 elapsed=0.03h remaining=4.47h
[  93/695] PATH validation_0162              move=d5d6 loss=754cp exp=1.000 d=5 elapsed=0.03h remaining=4.47h
[  95/695] PATH suite_0038                   move=h7h5 loss=97cp exp=0.284 d=5 elapsed=0.03h remaining=4.47h
[  96/695] PATH pgn_v1_1_vs_v1_g15_p76       move=c6d7 loss=98901cp exp=0.000 d=5 elapsed=0.03h remaining=4.47h
[  99/695] PATH pgn_v1_1_vs_v1_g7_p11        move=f1b1 loss=30cp exp=0.119 d=5 elapsed=0.03h remaining=4.47h
[ 100/695]      pgn_nn_vs_material_g13_p43   move=f4g5 loss=0cp exp=0.000 d=5 elapsed=0.03h remaining=4.47h
[ 104/695] PATH validation_0106              move=b5e8 loss=135cp exp=0.477 d=5 elapsed=0.03h remaining=4.47h
[ 110/695]      pgn_nn_vs_material_g14_p49   move=a1d1 loss=10cp exp=0.015 d=5 elapsed=0.03h remaining=4.47h
[ 115/695] PATH validation_0029              move=a2a4 loss=38cp exp=0.240 d=5 elapsed=0.03h remaining=4.47h
[ 120/695]      suite_0014                   move=h7h6 loss=56cp exp=0.031 d=5 elapsed=0.04h remaining=4.46h
[ 122/695] PATH pgn_v1_1_vs_v1_g11_p9        move=e4b1 loss=213cp exp=0.488 d=5 elapsed=0.04h remaining=4.46h
[ 130/695]      validation_0378              move=c7c6 loss=0cp exp=0.000 d=5 elapsed=0.04h remaining=4.46h
[ 131/695] PATH validation_0310              move=a2a3 loss=58cp exp=0.193 d=5 elapsed=0.04h remaining=4.46h
[ 140/695]      validation_0041              move=f4e5 loss=0cp exp=0.000 d=5 elapsed=0.04h remaining=4.46h
[ 142/695] PATH pgn_nn_vs_material_g1_p52    move=a8b8 loss=158cp exp=0.000 d=4 elapsed=0.04h remaining=4.46h
[ 148/695] PATH suite_0058                   move=f5d5 loss=687cp exp=0.510 d=5 elapsed=0.05h remaining=4.45h
[ 150/695]      validation_0060              move=d2e3 loss=0cp exp=0.000 d=5 elapsed=0.05h remaining=4.45h
[ 154/695] PATH validation_0100              move=b6c5 loss=192cp exp=0.000 d=5 elapsed=0.05h remaining=4.45h
[ 160/695]      validation_0078              move=b3b4 loss=14cp exp=0.003 d=5 elapsed=0.05h remaining=4.45h
[ 163/695] PATH validation_0399              move=b8a7 loss=75cp exp=0.145 d=5 elapsed=0.05h remaining=4.45h
[ 167/695] PATH pgn_nn_vs_material_g13_p73   move=g6f5 loss=190cp exp=0.000 d=5 elapsed=0.05h remaining=4.45h
[ 168/695] PATH pgn_v1_1_vs_v1_g3_p36        move=e6a2 loss=99100cp exp=0.000 d=5 elapsed=0.05h remaining=4.45h
[ 170/695]      validation_0386              move=g2g4 loss=0cp exp=0.000 d=5 elapsed=0.05h remaining=4.45h
[ 176/695] PATH pgn_nn_vs_stockfish_2000_g9_p45 move=a1d1 loss=123cp exp=0.444 d=5 elapsed=0.05h remaining=4.45h
[ 180/695]      validation_0204              move=d5c4 loss=0cp exp=0.000 d=5 elapsed=0.05h remaining=4.45h
[ 189/695] PATH validation_0212              move=c8c2 loss=161cp exp=0.000 d=5 elapsed=0.06h remaining=4.44h
[ 190/695]      pgn_v1_1_vs_v1_g4_p32        move=f6g8 loss=0cp exp=0.000 d=5 elapsed=0.06h remaining=4.44h
[ 200/695]      pgn_nn_vs_stockfish_2000_g3_p6 move=d6e5 loss=0cp exp=0.000 d=5 elapsed=0.06h remaining=4.44h
[ 207/695] PATH pgn_nn_vs_stockfish_full_g2_p16 move=c8b7 loss=37cp exp=0.157 d=5 elapsed=0.06h remaining=4.44h
[ 208/695] PATH validation_0369              move=f3d2 loss=155cp exp=0.339 d=5 elapsed=0.06h remaining=4.44h
[ 210/695]      validation_0063              move=g1f2 loss=0cp exp=0.000 d=5 elapsed=0.06h remaining=4.44h
[ 220/695]      validation_0383              move=c7c5 loss=0cp exp=0.000 d=5 elapsed=0.07h remaining=4.43h
[ 221/695] PATH pgn_nn_vs_stockfish_2000_g1_p31 move=d2f3 loss=127cp exp=0.000 d=5 elapsed=0.07h remaining=4.43h
[ 230/695]      pgn_v1_1_vs_v1_g21_p36       move=f6g7 loss=0cp exp=0.000 d=5 elapsed=0.07h remaining=4.43h
[ 233/695] PATH suite_0020                   move=f6d4 loss=118cp exp=0.161 d=5 elapsed=0.07h remaining=4.43h
[ 240/695]      validation_0259              move=h5f7 loss=0cp exp=0.000 d=5 elapsed=0.07h remaining=4.43h
[ 250/695]      validation_0145              move=e2f3 loss=0cp exp=0.000 d=5 elapsed=0.07h remaining=4.43h
[ 259/695] PATH validation_0256              move=c3c4 loss=74cp exp=0.298 d=5 elapsed=0.08h remaining=4.42h
[ 260/695]      validation_0327              move=e7d6 loss=0cp exp=0.000 d=5 elapsed=0.08h remaining=4.42h
[ 270/695]      pgn_v1_1_vs_v1_g11_p53       move=g4d7 loss=2cp exp=0.000 d=5 elapsed=0.08h remaining=4.42h
[ 272/695] PATH validation_0361              move=a3a4 loss=75cp exp=0.123 d=5 elapsed=0.08h remaining=4.42h
[ 275/695] PATH pgn_v1_1_vs_v1_g10_p1        move=d3f2 loss=96cp exp=0.445 d=5 elapsed=0.08h remaining=4.42h
[ 280/695]      pgn_nn_vs_stockfish_2000_g2_p27 move=c3e4 loss=0cp exp=0.000 d=5 elapsed=0.08h remaining=4.42h
[ 282/695] PATH validation_0396              move=d2c4 loss=112cp exp=0.290 d=5 elapsed=0.09h remaining=4.41h
[ 283/695] PATH validation_0220              move=d4h4 loss=338cp exp=0.512 d=5 elapsed=0.09h remaining=4.41h
[ 286/695] PATH validation_0345              move=a2a4 loss=34cp exp=0.178 d=5 elapsed=0.09h remaining=4.41h
[ 290/695] PATH validation_0195              move=f2f3 loss=60cp exp=0.331 d=5 elapsed=0.09h remaining=4.41h
[ 298/695] PATH validation_0335              move=a1c1 loss=22cp exp=0.075 d=5 elapsed=0.09h remaining=4.41h
[ 300/695]      validation_0168              move=e4g6 loss=0cp exp=0.000 d=5 elapsed=0.09h remaining=4.41h
[ 305/695] PATH suite_0049                   move=b5b4 loss=315cp exp=0.495 d=5 elapsed=0.09h remaining=4.41h
[ 306/695] PATH validation_0222              move=c7c5 loss=66cp exp=0.345 d=5 elapsed=0.09h remaining=4.41h
[ 310/695]      pgn_v1_1_vs_v1_g13_p12       move=e8c8 loss=52cp exp=0.028 d=5 elapsed=0.10h remaining=4.40h
[ 311/695] PATH validation_0073              move=e4f3 loss=194cp exp=0.498 d=5 elapsed=0.10h remaining=4.40h
[ 313/695] PATH pgn_nn_vs_stockfish_full_g5_p39 move=f2f3 loss=237cp exp=0.000 d=5 elapsed=0.10h remaining=4.40h
[ 314/695] PATH validation_0370              move=c6b4 loss=513cp exp=0.889 d=4 elapsed=0.10h remaining=4.40h
[ 320/695]      validation_0077              move=g3h4 loss=0cp exp=0.000 d=5 elapsed=0.10h remaining=4.40h
[ 322/695] PATH validation_0333              move=h5h6 loss=48cp exp=0.075 d=5 elapsed=0.10h remaining=4.40h
[ 330/695]      pgn_nn_vs_stockfish_2000_g1_p101 move=g7g8q loss=5cp exp=0.000 d=5 elapsed=0.10h remaining=4.40h
[ 332/695] PATH validation_0269              move=g1h1 loss=106cp exp=0.455 d=5 elapsed=0.10h remaining=4.40h
[ 340/695]      validation_0112              move=c8c3 loss=0cp exp=0.000 d=5 elapsed=0.11h remaining=4.39h
[ 345/695] PATH pgn_v1_1_vs_v1_g21_p49       move=d7d6 loss=99000cp exp=0.000 d=5 elapsed=0.11h remaining=4.39h
[ 350/695]      validation_0241              move=f8e8 loss=0cp exp=0.000 d=5 elapsed=0.11h remaining=4.39h
[ 354/695] PATH pgn_nn_vs_stockfish_2000_g7_p39 move=f4f5 loss=116cp exp=0.382 d=5 elapsed=0.11h remaining=4.39h
[ 360/695]      validation_0094              move=f1g2 loss=0cp exp=0.000 d=5 elapsed=0.11h remaining=4.39h
[ 364/695] PATH validation_0128              move=g1g3 loss=53cp exp=0.160 d=5 elapsed=0.11h remaining=4.39h
[ 370/695]      validation_0011              move=e5e6 loss=2cp exp=0.000 d=5 elapsed=0.12h remaining=4.38h
[ 372/695] PATH validation_0384              move=g5f7 loss=302cp exp=0.731 d=5 elapsed=0.12h remaining=4.38h
[ 380/695]      validation_0017              move=a5a4 loss=0cp exp=0.000 d=5 elapsed=0.12h remaining=4.38h
[ 381/695] PATH validation_0210              move=d2f2 loss=536cp exp=0.926 d=5 elapsed=0.12h remaining=4.38h
[ 390/695]      validation_0257              move=c3d4 loss=0cp exp=0.000 d=5 elapsed=0.12h remaining=4.38h
[ 392/695] PATH pgn_nn_vs_stockfish_full_g6_p22 move=c8b7 loss=20cp exp=0.089 d=5 elapsed=0.12h remaining=4.38h
[ 399/695] PATH validation_0328              move=e5d7 loss=52cp exp=0.131 d=5 elapsed=0.12h remaining=4.38h
[ 400/695]      pgn_nn_vs_material_g18_p49   move=b1a3 loss=0cp exp=0.000 d=5 elapsed=0.12h remaining=4.38h
[ 402/695] PATH validation_0176              move=a8a6 loss=154cp exp=0.364 d=5 elapsed=0.12h remaining=4.38h
[ 405/695] PATH pgn_v1_1_vs_v1_g3_p30        move=c8e6 loss=159cp exp=0.000 d=5 elapsed=0.13h remaining=4.37h
[ 407/695] PATH pgn_nn_vs_material_g20_p39   move=b1d2 loss=260cp exp=0.196 d=5 elapsed=0.13h remaining=4.37h
[ 409/695] PATH validation_0381              move=f8c5 loss=56cp exp=0.241 d=5 elapsed=0.13h remaining=4.37h
[ 410/695]      suite_0040                   move=d8g8 loss=26cp exp=0.030 d=5 elapsed=0.13h remaining=4.37h
[ 415/695] PATH pgn_nn_vs_material_g5_p35    move=a1d1 loss=83cp exp=0.083 d=5 elapsed=0.13h remaining=4.37h
[ 420/695]      pgn_nn_vs_material_g20_p16   move=h7h6 loss=0cp exp=0.000 d=5 elapsed=0.13h remaining=4.37h
[ 429/695] PATH pgn_v1_1_vs_v1_g13_p13       move=c5d6 loss=366cp exp=0.500 d=5 elapsed=0.13h remaining=4.37h
[ 430/695] PATH validation_0293              move=b4d4 loss=113cp exp=0.316 d=5 elapsed=0.13h remaining=4.37h
[ 435/695] PATH validation_0286              move=c1c5 loss=533cp exp=1.000 d=5 elapsed=0.13h remaining=4.37h
[ 436/695] PATH validation_0365              move=c6a5 loss=70cp exp=0.083 d=5 elapsed=0.14h remaining=4.36h
[ 440/695]      validation_0209              move=f1f6 loss=33cp exp=0.040 d=5 elapsed=0.14h remaining=4.36h
[ 443/695] PATH pgn_nn_vs_material_g10_p3    move=c2c4 loss=39cp exp=0.162 d=5 elapsed=0.14h remaining=4.36h
[ 450/695]      validation_0109              move=a2d5 loss=43cp exp=0.052 d=5 elapsed=0.14h remaining=4.36h
[ 453/695] PATH pgn_nn_vs_material_g7_p74    move=f7g5 loss=166cp exp=0.000 d=5 elapsed=0.14h remaining=4.36h
[ 460/695]      validation_0050              move=h5h6 loss=0cp exp=0.000 d=5 elapsed=0.14h remaining=4.36h
[ 468/695] PATH validation_0247              move=d5f3 loss=236cp exp=0.499 d=5 elapsed=0.14h remaining=4.36h
[ 470/695]      validation_0133              move=e5f4 loss=0cp exp=0.000 d=5 elapsed=0.14h remaining=4.36h
[ 472/695] PATH validation_0127              move=h2h1q loss=577cp exp=0.000 d=5 elapsed=0.14h remaining=4.36h
[ 474/695] PATH pgn_nn_vs_stockfish_2000_g7_p43 move=f4f5 loss=82cp exp=0.072 d=5 elapsed=0.15h remaining=4.35h
[ 480/695] PATH validation_0021              move=c5d6 loss=99047cp exp=0.000 d=5 elapsed=0.15h remaining=4.35h
[ 482/695] PATH pgn_nn_vs_material_g12_p33   move=f1e2 loss=235cp exp=0.000 d=5 elapsed=0.15h remaining=4.35h
[ 483/695] PATH pgn_nn_vs_stockfish_full_g6_p55 move=h1a1 loss=194cp exp=0.000 d=5 elapsed=0.15h remaining=4.35h
[ 487/695] PATH validation_0067              move=f7h7 loss=405cp exp=0.000 d=5 elapsed=0.15h remaining=4.35h
[ 490/695]      validation_0353              move=a5c4 loss=0cp exp=0.000 d=5 elapsed=0.15h remaining=4.35h
[ 496/695] PATH pgn_v1_1_vs_v1_g12_p5        move=d1c2 loss=271cp exp=0.481 d=5 elapsed=0.15h remaining=4.35h
[ 500/695]      validation_0140              move=e1h1 loss=104cp exp=0.000 d=5 elapsed=0.15h remaining=4.35h
[ 501/695] PATH validation_0182              move=g8f7 loss=147cp exp=0.487 d=5 elapsed=0.15h remaining=4.35h
[ 505/695] PATH pgn_nn_vs_stockfish_full_g4_p8 move=a7a6 loss=27cp exp=0.086 d=5 elapsed=0.15h remaining=4.35h
[ 510/695] PATH validation_0009              move=a4c6 loss=123cp exp=0.000 d=5 elapsed=0.15h remaining=4.35h
[ 511/695] PATH validation_0392              move=h7h5 loss=85cp exp=0.303 d=5 elapsed=0.16h remaining=4.34h
[ 517/695] PATH validation_0152              move=c7a7 loss=133cp exp=0.471 d=5 elapsed=0.16h remaining=4.34h
[ 520/695]      validation_0116              move=f1e1 loss=0cp exp=0.000 d=5 elapsed=0.16h remaining=4.34h
[ 530/695]      suite_0015                   move=b5a4 loss=0cp exp=0.000 d=5 elapsed=0.16h remaining=4.34h
[ 539/695] PATH validation_0249              move=e7f6 loss=99422cp exp=0.000 d=5 elapsed=0.16h remaining=4.34h
[ 540/695]      pgn_nn_vs_stockfish_2000_g6_p65 move=f1f2 loss=0cp exp=0.000 d=5 elapsed=0.16h remaining=4.34h
[ 541/695] PATH pgn_v1_1_vs_v1_g5_p24        move=g7h6 loss=139cp exp=0.337 d=5 elapsed=0.16h remaining=4.34h
[ 549/695] PATH validation_0280              move=h7h5 loss=16cp exp=0.115 d=5 elapsed=0.17h remaining=4.33h
[ 550/695]      validation_0095              move=a2a3 loss=0cp exp=0.000 d=5 elapsed=0.17h remaining=4.33h
[ 553/695] PATH validation_0400              move=a5a4 loss=53cp exp=0.219 d=5 elapsed=0.17h remaining=4.33h
[ 560/695]      validation_0348              move=c2c4 loss=0cp exp=0.000 d=5 elapsed=0.17h remaining=4.33h
[ 566/695] PATH validation_0040              move=g4h4 loss=99276cp exp=0.000 d=5 elapsed=0.17h remaining=4.33h
[ 570/695] PATH validation_0376              move=e7e8 loss=238cp exp=0.004 d=5 elapsed=0.17h remaining=4.33h
[ 580/695] PATH validation_0311              move=f6e4 loss=184cp exp=0.479 d=5 elapsed=0.18h remaining=4.32h
[ 590/695]      validation_0227              move=b6b3 loss=0cp exp=0.000 d=5 elapsed=0.18h remaining=4.32h
[ 597/695] PATH validation_0252              move=d1b2 loss=148cp exp=0.001 d=5 elapsed=0.18h remaining=4.32h
[ 600/695]      pgn_v1_1_vs_v1_g11_p31       move=g4h5 loss=51cp exp=0.000 d=5 elapsed=0.18h remaining=4.32h
[ 610/695]      pgn_nn_vs_stockfish_2000_g2_p36 move=f7e6 loss=78cp exp=0.001 d=5 elapsed=0.18h remaining=4.32h
[ 615/695] PATH pgn_nn_vs_material_g5_p29    move=c2c4 loss=78cp exp=0.108 d=5 elapsed=0.19h remaining=4.31h
[ 620/695] PATH pgn_v1_1_vs_v1_g13_p15       move=e7b4 loss=101cp exp=0.257 d=5 elapsed=0.19h remaining=4.31h
[ 623/695] PATH validation_0231              move=f2f3 loss=109cp exp=0.396 d=5 elapsed=0.19h remaining=4.31h
[ 625/695] PATH validation_0334              move=c6d4 loss=81cp exp=0.238 d=5 elapsed=0.19h remaining=4.31h
[ 630/695]      pgn_nn_vs_material_g6_p44    move=b2c3 loss=0cp exp=0.000 d=5 elapsed=0.19h remaining=4.31h
[ 638/695] PATH validation_0107              move=e5e6 loss=34cp exp=0.065 d=5 elapsed=0.19h remaining=4.31h
[ 640/695]      pgn_nn_vs_material_g5_p28    move=d8d7 loss=0cp exp=0.000 d=5 elapsed=0.19h remaining=4.31h
[ 643/695] PATH validation_0367              move=a1c1 loss=126cp exp=0.190 d=5 elapsed=0.19h remaining=4.31h
[ 644/695] PATH pgn_v1_1_vs_v1_g8_p47        move=b2c3 loss=152cp exp=0.001 d=5 elapsed=0.19h remaining=4.31h
[ 648/695] PATH validation_0154              move=e5f3 loss=131cp exp=0.008 d=5 elapsed=0.19h remaining=4.31h
[ 650/695]      pgn_v1_1_vs_v1_g14_p38       move=e8c8 loss=0cp exp=0.000 d=5 elapsed=0.19h remaining=4.31h
[ 653/695] PATH validation_0314              move=g7h8 loss=179cp exp=0.381 d=5 elapsed=0.19h remaining=4.31h
[ 660/695]      validation_0092              move=d7d6 loss=104cp exp=0.000 d=5 elapsed=0.20h remaining=4.30h
[ 662/695] PATH pgn_v1_1_vs_v1_g7_p82        move=b3a3 loss=405cp exp=0.486 d=5 elapsed=0.20h remaining=4.30h
[ 670/695] PATH pgn_nn_vs_stockfish_2000_g3_p19 move=f1e1 loss=241cp exp=0.025 d=5 elapsed=0.20h remaining=4.30h
[ 671/695] PATH validation_0296              move=b1c1 loss=145cp exp=0.000 d=5 elapsed=0.20h remaining=4.30h
[ 673/695] PATH validation_0375              move=e2g2 loss=293cp exp=0.009 d=5 elapsed=0.20h remaining=4.30h
[ 680/695]      pgn_v1_1_vs_v1_g6_p44        move=c6e4 loss=0cp exp=0.000 d=5 elapsed=0.20h remaining=4.30h
[ 690/695]      suite_0050                   move=h8d8 loss=33cp exp=0.007 d=5 elapsed=0.20h remaining=4.30h

CONFIRMATION: 50 strongest screen cases at tournament time
[ 1/50] validation_0162              timed=d5d6 loss=925cp exp=1.000 d=11
[ 2/50] validation_0286              timed=c1c5 loss=539cp exp=1.000 d=6
[ 3/50] validation_0210              timed=d2f2 loss=605cp exp=0.996 d=6
[ 4/50] validation_0370              timed=c6b4 loss=492cp exp=0.805 d=4
[ 5/50] validation_0384              timed=g5f7 loss=246cp exp=0.502 d=5
[ 6/50] pgn_v1_1_vs_v1_g8_p98        timed=a2a1q loss=0cp exp=0.000 d=13
[ 7/50] pgn_nn_vs_stockfish_2000_g3_p87 timed=h2g1 loss=33cp exp=0.000 d=8
[ 8/50] pgn_v1_1_vs_v1_g15_p76       timed=e8f7 loss=0cp exp=0.000 d=7
[ 9/50] pgn_v1_1_vs_v1_g3_p36        timed=e5g4 loss=4cp exp=0.000 d=7
[10/50] pgn_v1_1_vs_v1_g21_p49       timed=d7c7 loss=1cp exp=0.000 d=8
[11/50] validation_0021              timed=c5d6 loss=7cp exp=0.000 d=8
[12/50] validation_0249              timed=e7f6 loss=99335cp exp=0.000 d=6
[13/50] validation_0220              timed=d4g4 loss=0cp exp=0.000 d=7
[14/50] suite_0058                   timed=d4e3 loss=0cp exp=0.000 d=9
[15/50] validation_0073              timed=a6d3 loss=367cp exp=0.475 d=10
[16/50] validation_0182              timed=e3c3 loss=0cp exp=0.000 d=9
[17/50] validation_0106              timed=b5e8 loss=106cp exp=0.291 d=6
[18/50] validation_0269              timed=g1f1 loss=0cp exp=0.000 d=9
[19/50] pgn_v1_1_vs_v1_g13_p13       timed=c5e7 loss=0cp exp=0.000 d=7
[20/50] pgn_nn_vs_stockfish_2000_g9_p45 timed=a1d1 loss=83cp exp=0.287 d=5
[21/50] pgn_v1_1_vs_v1_g7_p82        timed=d2f3 loss=50cp exp=0.045 d=8
[22/50] suite_0049                   timed=c4c3 loss=60cp exp=0.077 d=8
[23/50] validation_0247              timed=d5f3 loss=163cp exp=0.487 d=5
[24/50] pgn_v1_1_vs_v1_g12_p5        timed=b3e3 loss=83cp exp=0.380 d=8
[25/50] pgn_v1_1_vs_v1_g11_p9        timed=e4b1 loss=248cp exp=0.490 d=7
[26/50] pgn_nn_vs_material_g5_p37    timed=d4c5 loss=52cp exp=0.019 d=5
[27/50] validation_0311              timed=f6e4 loss=140cp exp=0.431 d=5
[28/50] validation_0152              timed=c7c6 loss=51cp exp=0.162 d=11
[29/50] pgn_v1_1_vs_v1_g5_p24        timed=g7h6 loss=96cp exp=0.236 d=5
[30/50] pgn_v1_1_vs_v1_g10_p1        timed=d3f2 loss=43cp exp=0.018 d=9
[31/50] validation_0195              timed=a3d6 loss=0cp exp=0.000 d=8
[32/50] validation_0231              timed=c3c6 loss=0cp exp=0.000 d=6
[33/50] validation_0314              timed=g7h8 loss=211cp exp=0.530 d=5
[34/50] pgn_nn_vs_material_g12_p24   timed=h4h5 loss=236cp exp=0.427 d=5
[35/50] pgn_nn_vs_stockfish_2000_g7_p39 timed=f4f5 loss=185cp exp=0.474 d=5
[36/50] validation_0176              timed=a8a6 loss=182cp exp=0.438 d=7
[37/50] validation_0369              timed=f3d2 loss=124cp exp=0.205 d=5
[38/50] validation_0222              timed=c7c5 loss=29cp exp=0.182 d=5
[39/50] validation_0293              timed=b4d4 loss=99cp exp=0.253 d=5
[40/50] validation_0392              timed=h7h5 loss=106cp exp=0.386 d=5
[41/50] validation_0256              timed=c3c4 loss=83cp exp=0.353 d=5
[42/50] validation_0396              timed=d2c4 loss=100cp exp=0.252 d=5
[43/50] suite_0038                   timed=a5a4 loss=51cp exp=0.028 d=7
[44/50] pgn_v1_1_vs_v1_g13_p15       timed=e7e6 loss=0cp exp=0.000 d=7
[45/50] validation_0334              timed=c6d4 loss=47cp exp=0.055 d=6
[46/50] validation_0381              timed=f8c5 loss=66cp exp=0.168 d=5
[47/50] validation_0300              timed=d7c5 loss=55cp exp=0.314 d=6
[48/50] pgn_nn_vs_material_g20_p39   timed=d1d2 loss=0cp exp=0.000 d=9
[49/50] validation_0029              timed=e3d2 loss=0cp exp=0.000 d=9
[50/50] validation_0400              timed=a5a4 loss=66cp exp=0.262 d=5

Selected 18 pathology/tail cases for deep diagnosis. True threshold cases: 29

DEEP ABLATION: 18 cases x 13 variants, depth ladder 1..7, per-search cap 20s

[1/18] validation_0162 SF=d5c5 +424 exp=1.000
  baseline                 d=7 move=d5d6 loss=965cp exp=1.000 nodes=5078 timeout=False
  no_null                  d=7 move=d5d6 loss=965cp exp=1.000 nodes=5078 timeout=False
  null_safe                d=7 move=d5d6 loss=965cp exp=1.000 nodes=5078 timeout=False
  no_lmr                   d=7 move=d5d6 loss=965cp exp=1.000 nodes=7819 timeout=False
  lmr_safe                 d=7 move=d5d6 loss=965cp exp=1.000 nodes=5375 timeout=False
  no_futility              d=7 move=d5d6 loss=965cp exp=1.000 nodes=6128 timeout=False
  capture_material_order   d=7 move=d5d6 loss=965cp exp=1.000 nodes=5078 timeout=False
  no_aspiration            d=7 move=d5d6 loss=965cp exp=1.000 nodes=5037 timeout=False
  no_pvs                   d=7 move=d5d6 loss=965cp exp=1.000 nodes=4732 timeout=False
  no_null_no_lmr           d=7 move=d5d6 loss=965cp exp=1.000 nodes=7819 timeout=False
  no_null_no_futility      d=7 move=d5d6 loss=965cp exp=1.000 nodes=6128 timeout=False
  no_lmr_no_futility       d=7 move=d5d6 loss=965cp exp=1.000 nodes=10564 timeout=False
  no_selectivity           d=7 move=d5d6 loss=965cp exp=1.000 nodes=10564 timeout=False

[2/18] validation_0210 SF=a5c3 +203 exp=0.999
  baseline                 d=6 move=d2f2 loss=622cp exp=0.999 nodes=362496 timeout=True
  no_null                  d=6 move=d2f2 loss=622cp exp=0.999 nodes=341760 timeout=True
  null_safe                d=6 move=d2f2 loss=622cp exp=0.999 nodes=333312 timeout=True
  no_lmr                   d=6 move=d2f2 loss=622cp exp=0.999 nodes=419328 timeout=True
  lmr_safe                 d=6 move=d2f2 loss=622cp exp=0.999 nodes=391680 timeout=True
  no_futility              d=6 move=d2f2 loss=622cp exp=0.999 nodes=402688 timeout=True
  capture_material_order   d=6 move=d2f2 loss=622cp exp=0.999 nodes=358400 timeout=True
  no_aspiration            d=7 move=g7g5 loss=187cp exp=0.495 nodes=329993 timeout=False
  no_pvs                   d=6 move=d2f2 loss=622cp exp=0.999 nodes=360192 timeout=True
  no_null_no_lmr           d=5 move=d2f2 loss=622cp exp=0.999 nodes=343808 timeout=True
  no_null_no_futility      d=6 move=d2f2 loss=622cp exp=0.999 nodes=394496 timeout=True
  no_lmr_no_futility       d=6 move=d2f2 loss=622cp exp=0.999 nodes=502272 timeout=True
  no_selectivity           d=5 move=d2f2 loss=622cp exp=0.999 nodes=385024 timeout=True

[3/18] validation_0286 SF=d5b6 +313 exp=1.000
  baseline                 d=7 move=d5e7 loss=30cp exp=0.000 nodes=86103 timeout=False
  no_null                  d=6 move=c1c5 loss=600cp exp=1.000 nodes=301824 timeout=True
  null_safe                d=7 move=d5e7 loss=30cp exp=0.000 nodes=165113 timeout=False
  no_lmr                   d=7 move=d5e7 loss=30cp exp=0.000 nodes=148394 timeout=False
  lmr_safe                 d=7 move=d5e7 loss=30cp exp=0.000 nodes=99856 timeout=False
  no_futility              d=7 move=d5e7 loss=30cp exp=0.000 nodes=114571 timeout=False
  capture_material_order   d=7 move=d5e7 loss=30cp exp=0.000 nodes=88750 timeout=False
  no_aspiration            d=7 move=d5e7 loss=30cp exp=0.000 nodes=73868 timeout=False
  no_pvs                   d=7 move=d5e7 loss=30cp exp=0.000 nodes=84069 timeout=False
  no_null_no_lmr           d=6 move=c1c5 loss=600cp exp=1.000 nodes=292352 timeout=True
  no_null_no_futility      d=6 move=c1c5 loss=600cp exp=1.000 nodes=364800 timeout=True
  no_lmr_no_futility       d=7 move=d5e7 loss=30cp exp=0.000 nodes=355380 timeout=False
  no_selectivity           d=6 move=c1c5 loss=600cp exp=1.000 nodes=384256 timeout=True

[4/18] validation_0370 SF=e6h3 +120 exp=0.839
  baseline                 d=5 move=c5b4 loss=481cp exp=0.839 nodes=339456 timeout=True
  no_null                  d=5 move=c5b4 loss=481cp exp=0.839 nodes=338432 timeout=True
  null_safe                d=5 move=c5b4 loss=481cp exp=0.839 nodes=333056 timeout=True
  no_lmr                   d=5 move=c6d4 loss=469cp exp=0.839 nodes=335104 timeout=True
  lmr_safe                 d=5 move=c5b4 loss=481cp exp=0.839 nodes=360704 timeout=True
  no_futility              d=5 move=c5b4 loss=481cp exp=0.839 nodes=357888 timeout=True
  capture_material_order   d=5 move=c5b4 loss=481cp exp=0.839 nodes=325120 timeout=True
  no_aspiration            d=5 move=c5b4 loss=481cp exp=0.839 nodes=339456 timeout=True
  no_pvs                   d=5 move=c5b4 loss=481cp exp=0.839 nodes=334080 timeout=True
  no_null_no_lmr           d=5 move=c6d4 loss=469cp exp=0.839 nodes=336640 timeout=True
  no_null_no_futility      d=5 move=c5b4 loss=481cp exp=0.839 nodes=359680 timeout=True
  no_lmr_no_futility       d=5 move=c6d4 loss=469cp exp=0.839 nodes=371200 timeout=True
  no_selectivity           d=5 move=c6d4 loss=469cp exp=0.839 nodes=377344 timeout=True

[5/18] validation_0249 SF=c7d8 -811 exp=0.000
  baseline                 d=7 move=e7f6 loss=99184cp exp=0.000 nodes=100085 timeout=False
  no_null                  d=7 move=e7f6 loss=99184cp exp=0.000 nodes=163692 timeout=False
  null_safe                d=7 move=e7f6 loss=99184cp exp=0.000 nodes=147692 timeout=False
  no_lmr                   d=7 move=e7f6 loss=99184cp exp=0.000 nodes=166773 timeout=False
  lmr_safe                 d=7 move=e7f6 loss=99184cp exp=0.000 nodes=121028 timeout=False
  no_futility              d=7 move=e7f6 loss=99184cp exp=0.000 nodes=148009 timeout=False
  capture_material_order   d=7 move=e7f6 loss=99184cp exp=0.000 nodes=96134 timeout=False
  no_aspiration            d=7 move=e7f6 loss=99184cp exp=0.000 nodes=79124 timeout=False
  no_pvs                   d=7 move=e7f6 loss=99184cp exp=0.000 nodes=108773 timeout=False
  no_null_no_lmr           d=6 move=e7f6 loss=99184cp exp=0.000 nodes=343808 timeout=True
  no_null_no_futility      d=7 move=e7f6 loss=99184cp exp=0.000 nodes=218226 timeout=False
  no_lmr_no_futility       d=7 move=e7f6 loss=99184cp exp=0.000 nodes=271857 timeout=False
  no_selectivity           d=6 move=e7f6 loss=99184cp exp=0.000 nodes=407808 timeout=True

[6/18] validation_0073 SF=e4f5 +531 exp=1.000
  baseline                 d=7 move=e4f3 loss=531cp exp=0.500 nodes=14343 timeout=False
  no_null                  d=7 move=a6d3 loss=478cp exp=0.471 nodes=21011 timeout=False
  null_safe                d=7 move=a6d3 loss=478cp exp=0.471 nodes=17870 timeout=False
  no_lmr                   d=7 move=e4f3 loss=531cp exp=0.500 nodes=18963 timeout=False
  lmr_safe                 d=7 move=e4f3 loss=531cp exp=0.500 nodes=18099 timeout=False
  no_futility              d=7 move=e4f3 loss=531cp exp=0.500 nodes=15053 timeout=False
  capture_material_order   d=7 move=e4f3 loss=531cp exp=0.500 nodes=14582 timeout=False
  no_aspiration            d=7 move=e4f3 loss=531cp exp=0.500 nodes=15530 timeout=False
  no_pvs                   d=7 move=e4f3 loss=531cp exp=0.500 nodes=13399 timeout=False
  no_null_no_lmr           d=7 move=e4f3 loss=531cp exp=0.500 nodes=29001 timeout=False
  no_null_no_futility      d=7 move=a6d3 loss=478cp exp=0.471 nodes=22500 timeout=False
  no_lmr_no_futility       d=7 move=e4f3 loss=531cp exp=0.500 nodes=20749 timeout=False
  no_selectivity           d=7 move=e4f3 loss=531cp exp=0.500 nodes=33549 timeout=False

[7/18] validation_0314 SF=g7h7 +79 exp=0.627
  baseline                 d=7 move=g7h7 loss=0cp exp=0.000 nodes=238343 timeout=False
  no_null                  d=6 move=g7h7 loss=0cp exp=0.000 nodes=327936 timeout=True
  null_safe                d=6 move=g7h7 loss=0cp exp=0.000 nodes=329216 timeout=True
  no_lmr                   d=6 move=g7h7 loss=0cp exp=0.000 nodes=334080 timeout=True
  lmr_safe                 d=7 move=g7h7 loss=0cp exp=0.000 nodes=294283 timeout=False
  no_futility              d=7 move=g7h7 loss=0cp exp=0.000 nodes=292678 timeout=False
  capture_material_order   d=7 move=g7h7 loss=0cp exp=0.000 nodes=264903 timeout=False
  no_aspiration            d=7 move=g7h7 loss=0cp exp=0.000 nodes=311789 timeout=False
  no_pvs                   d=7 move=g7h7 loss=0cp exp=0.000 nodes=250418 timeout=False
  no_null_no_lmr           d=5 move=g7f7 loss=289cp exp=0.625 nodes=331520 timeout=True
  no_null_no_futility      d=6 move=g7h7 loss=0cp exp=0.000 nodes=363264 timeout=True
  no_lmr_no_futility       d=6 move=g7h7 loss=0cp exp=0.000 nodes=420608 timeout=True
  no_selectivity           d=5 move=g7f7 loss=289cp exp=0.625 nodes=385792 timeout=True

[8/18] validation_0384 SF=g4h6 +45 exp=0.552
  baseline                 d=6 move=g5f7 loss=307cp exp=0.551 nodes=319488 timeout=True
  no_null                  d=6 move=g5f7 loss=307cp exp=0.551 nodes=323072 timeout=True
  null_safe                d=6 move=g5f7 loss=307cp exp=0.551 nodes=320256 timeout=True
  no_lmr                   d=6 move=g5f7 loss=307cp exp=0.551 nodes=346880 timeout=True
  lmr_safe                 d=6 move=g5f7 loss=307cp exp=0.551 nodes=347648 timeout=True
  no_futility              d=6 move=g5f7 loss=307cp exp=0.551 nodes=360704 timeout=True
  capture_material_order   d=6 move=g5f7 loss=307cp exp=0.551 nodes=318976 timeout=True
  no_aspiration            d=6 move=g5f7 loss=307cp exp=0.551 nodes=320000 timeout=True
  no_pvs                   d=6 move=g5f7 loss=307cp exp=0.551 nodes=314624 timeout=True
  no_null_no_lmr           d=5 move=g5f7 loss=307cp exp=0.551 nodes=302080 timeout=True
  no_null_no_futility      d=6 move=g5f7 loss=307cp exp=0.551 nodes=363008 timeout=True
  no_lmr_no_futility       d=6 move=g5f7 loss=307cp exp=0.551 nodes=389120 timeout=True
  no_selectivity           d=5 move=g5f7 loss=307cp exp=0.551 nodes=353536 timeout=True

[9/18] pgn_v1_1_vs_v1_g11_p9 SF=e4g2 -12 exp=0.498
  baseline                 d=7 move=e4b1 loss=279cp exp=0.498 nodes=28521 timeout=False
  no_null                  d=7 move=e4b1 loss=279cp exp=0.498 nodes=36763 timeout=False
  null_safe                d=7 move=e4b1 loss=279cp exp=0.498 nodes=35300 timeout=False
  no_lmr                   d=7 move=e4c2 loss=378cp exp=0.498 nodes=65292 timeout=False
  lmr_safe                 d=7 move=e4b1 loss=279cp exp=0.498 nodes=35663 timeout=False
  no_futility              d=7 move=e4b1 loss=279cp exp=0.498 nodes=38336 timeout=False
  capture_material_order   d=7 move=e4b1 loss=279cp exp=0.498 nodes=30781 timeout=False
  no_aspiration            d=7 move=e4b1 loss=279cp exp=0.498 nodes=28490 timeout=False
  no_pvs                   d=7 move=e4b1 loss=279cp exp=0.498 nodes=30841 timeout=False
  no_null_no_lmr           d=7 move=e4c2 loss=378cp exp=0.498 nodes=95136 timeout=False
  no_null_no_futility      d=7 move=e4b1 loss=279cp exp=0.498 nodes=47136 timeout=False
  no_lmr_no_futility       d=7 move=e4c2 loss=378cp exp=0.498 nodes=101124 timeout=False
  no_selectivity           d=7 move=e4c2 loss=378cp exp=0.498 nodes=129911 timeout=False

[10/18] validation_0247 SF=d5d6 -10 exp=0.497
  baseline                 d=7 move=d5e4 loss=171cp exp=0.491 nodes=210372 timeout=False
  no_null                  d=6 move=d5e4 loss=171cp exp=0.491 nodes=326122 timeout=True
  null_safe                d=7 move=d5e4 loss=171cp exp=0.491 nodes=272615 timeout=False
  no_lmr                   d=6 move=d5e4 loss=171cp exp=0.491 nodes=350720 timeout=True
  lmr_safe                 d=7 move=d5e4 loss=171cp exp=0.491 nodes=248983 timeout=False
  no_futility              d=7 move=d5e4 loss=171cp exp=0.491 nodes=264913 timeout=False
  capture_material_order   d=7 move=d5e4 loss=171cp exp=0.491 nodes=201290 timeout=False
  no_aspiration            d=7 move=d5e4 loss=171cp exp=0.491 nodes=208958 timeout=False
  no_pvs                   d=7 move=d5e4 loss=171cp exp=0.491 nodes=168134 timeout=False
  no_null_no_lmr           d=6 move=d5e4 loss=171cp exp=0.491 nodes=339712 timeout=True
  no_null_no_futility      d=6 move=d5e4 loss=171cp exp=0.491 nodes=376320 timeout=True
  no_lmr_no_futility       d=6 move=d5e4 loss=171cp exp=0.491 nodes=432384 timeout=True
  no_selectivity           d=6 move=d5e4 loss=171cp exp=0.491 nodes=414208 timeout=True

[11/18] pgn_nn_vs_stockfish_2000_g7_p39 SF=e1e4 +6 exp=0.502
  baseline                 d=6 move=d2d3 loss=22cp exp=0.008 nodes=334592 timeout=True
  no_null                  d=6 move=d2d3 loss=22cp exp=0.008 nodes=329984 timeout=True
  null_safe                d=6 move=d2d3 loss=22cp exp=0.008 nodes=329472 timeout=True
  no_lmr                   d=6 move=f4f5 loss=243cp exp=0.502 nodes=340992 timeout=True
  lmr_safe                 d=7 move=f4f5 loss=243cp exp=0.502 nodes=312935 timeout=False
  no_futility              d=6 move=d2d3 loss=22cp exp=0.008 nodes=373248 timeout=True
  capture_material_order   d=7 move=f4f5 loss=243cp exp=0.502 nodes=321974 timeout=False
  no_aspiration            d=6 move=d2d3 loss=22cp exp=0.008 nodes=335360 timeout=True
  no_pvs                   d=7 move=f4f5 loss=243cp exp=0.502 nodes=268092 timeout=False
  no_null_no_lmr           d=6 move=e1e4 loss=0cp exp=0.000 nodes=315904 timeout=True
  no_null_no_futility      d=6 move=d2d3 loss=22cp exp=0.008 nodes=367360 timeout=True
  no_lmr_no_futility       d=6 move=f4f5 loss=243cp exp=0.502 nodes=391424 timeout=True
  no_selectivity           d=5 move=e1e4 loss=0cp exp=0.000 nodes=359168 timeout=True

[12/18] pgn_nn_vs_material_g12_p24 SF=h4f6 +317 exp=1.000
  baseline                 d=7 move=f8c5 loss=28cp exp=0.000 nodes=331876 timeout=False
  no_null                  d=6 move=f8c5 loss=28cp exp=0.000 nodes=299264 timeout=True
  null_safe                d=6 move=f8c5 loss=28cp exp=0.000 nodes=305920 timeout=True
  no_lmr                   d=6 move=f8c5 loss=28cp exp=0.000 nodes=346624 timeout=True
  lmr_safe                 d=6 move=f8c5 loss=28cp exp=0.000 nodes=334592 timeout=True
  no_futility              d=6 move=f8c5 loss=28cp exp=0.000 nodes=387584 timeout=True
  capture_material_order   d=6 move=f8c5 loss=28cp exp=0.000 nodes=337408 timeout=True
  no_aspiration            d=7 move=h4f6 loss=0cp exp=0.000 nodes=220652 timeout=False
  no_pvs                   d=6 move=f8c5 loss=28cp exp=0.000 nodes=329472 timeout=True
  no_null_no_lmr           d=5 move=h4h5 loss=250cp exp=0.393 nodes=310528 timeout=True
  no_null_no_futility      d=6 move=f8c5 loss=28cp exp=0.000 nodes=363520 timeout=True
  no_lmr_no_futility       d=6 move=f8c5 loss=28cp exp=0.000 nodes=413952 timeout=True
  no_selectivity           d=5 move=h4h5 loss=250cp exp=0.393 nodes=361728 timeout=True

[13/18] validation_0176 SF=c3d5 -73 exp=0.414
  baseline                 d=7 move=a8a6 loss=237cp exp=0.414 nodes=36142 timeout=False
  no_null                  d=7 move=a8a6 loss=237cp exp=0.414 nodes=57064 timeout=False
  null_safe                d=7 move=a8a6 loss=237cp exp=0.414 nodes=50386 timeout=False
  no_lmr                   d=7 move=a8a6 loss=237cp exp=0.414 nodes=72495 timeout=False
  lmr_safe                 d=7 move=a8a6 loss=237cp exp=0.414 nodes=93822 timeout=False
  no_futility              d=7 move=a8a6 loss=237cp exp=0.414 nodes=49337 timeout=False
  capture_material_order   d=7 move=a8a6 loss=237cp exp=0.414 nodes=36872 timeout=False
  no_aspiration            d=7 move=a8a6 loss=237cp exp=0.414 nodes=36257 timeout=False
  no_pvs                   d=7 move=a8a6 loss=237cp exp=0.414 nodes=40934 timeout=False
  no_null_no_lmr           d=7 move=a8a6 loss=237cp exp=0.414 nodes=135950 timeout=False
  no_null_no_futility      d=7 move=a8a6 loss=237cp exp=0.414 nodes=75759 timeout=False
  no_lmr_no_futility       d=7 move=a8a6 loss=237cp exp=0.414 nodes=126436 timeout=False
  no_selectivity           d=7 move=a8a6 loss=237cp exp=0.414 nodes=266652 timeout=False

[14/18] validation_0311 SF=a5a4 -45 exp=0.446
  baseline                 d=6 move=f6e4 loss=118cp exp=0.403 nodes=303104 timeout=True
  no_null                  d=6 move=f6e4 loss=118cp exp=0.403 nodes=290304 timeout=True
  null_safe                d=6 move=f6e4 loss=118cp exp=0.403 nodes=283392 timeout=True
  no_lmr                   d=6 move=f6e4 loss=118cp exp=0.403 nodes=324864 timeout=True
  lmr_safe                 d=6 move=f6e4 loss=118cp exp=0.403 nodes=332800 timeout=True
  no_futility              d=6 move=f6e4 loss=118cp exp=0.403 nodes=331776 timeout=True
  capture_material_order   d=6 move=f6e4 loss=118cp exp=0.403 nodes=299776 timeout=True
  no_aspiration            d=6 move=f6e4 loss=118cp exp=0.403 nodes=304128 timeout=True
  no_pvs                   d=6 move=f6e4 loss=118cp exp=0.403 nodes=303104 timeout=True
  no_null_no_lmr           d=5 move=f6e4 loss=118cp exp=0.403 nodes=283648 timeout=True
  no_null_no_futility      d=6 move=f6e4 loss=118cp exp=0.403 nodes=336384 timeout=True
  no_lmr_no_futility       d=6 move=f6e4 loss=118cp exp=0.403 nodes=393472 timeout=True
  no_selectivity           d=5 move=f6e4 loss=118cp exp=0.403 nodes=374784 timeout=True

[15/18] validation_0106 SF=b5e2 +83 exp=0.636
  baseline                 d=7 move=a5a6 loss=1cp exp=0.007 nodes=71966 timeout=False
  no_null                  d=7 move=b5e2 loss=0cp exp=0.000 nodes=172678 timeout=False
  null_safe                d=7 move=a5a6 loss=1cp exp=0.007 nodes=77473 timeout=False
  no_lmr                   d=7 move=a5a6 loss=1cp exp=0.007 nodes=169715 timeout=False
  lmr_safe                 d=7 move=a5a6 loss=1cp exp=0.007 nodes=90541 timeout=False
  no_futility              d=7 move=a5a6 loss=1cp exp=0.007 nodes=86426 timeout=False
  capture_material_order   d=7 move=a5a6 loss=1cp exp=0.007 nodes=120731 timeout=False
  no_aspiration            d=7 move=a5a6 loss=1cp exp=0.007 nodes=77894 timeout=False
  no_pvs                   d=7 move=a5a6 loss=1cp exp=0.007 nodes=66007 timeout=False
  no_null_no_lmr           d=7 move=a5a6 loss=1cp exp=0.007 nodes=256587 timeout=False
  no_null_no_futility      d=7 move=b5e2 loss=0cp exp=0.000 nodes=203245 timeout=False
  no_lmr_no_futility       d=7 move=a5a6 loss=1cp exp=0.007 nodes=258917 timeout=False
  no_selectivity           d=7 move=a5a6 loss=1cp exp=0.007 nodes=370488 timeout=False

[16/18] validation_0392 SF=h7h6 -59 exp=0.426
  baseline                 d=6 move=h7h5 loss=111cp exp=0.402 nodes=320768 timeout=True
  no_null                  d=6 move=e7c5 loss=116cp exp=0.406 nodes=319488 timeout=True
  null_safe                d=6 move=e7c5 loss=116cp exp=0.406 nodes=313856 timeout=True
  no_lmr                   d=6 move=e7c5 loss=116cp exp=0.406 nodes=304896 timeout=True
  lmr_safe                 d=6 move=h7h5 loss=111cp exp=0.402 nodes=339968 timeout=True
  no_futility              d=6 move=h7h5 loss=111cp exp=0.402 nodes=345344 timeout=True
  capture_material_order   d=6 move=e7c5 loss=116cp exp=0.406 nodes=313600 timeout=True
  no_aspiration            d=6 move=h7h5 loss=111cp exp=0.402 nodes=322048 timeout=True
  no_pvs                   d=6 move=h7h5 loss=111cp exp=0.402 nodes=315136 timeout=True
  no_null_no_lmr           d=5 move=h7h5 loss=111cp exp=0.402 nodes=317696 timeout=True
  no_null_no_futility      d=6 move=e7c5 loss=116cp exp=0.406 nodes=347904 timeout=True
  no_lmr_no_futility       d=5 move=h7h5 loss=111cp exp=0.402 nodes=343552 timeout=True
  no_selectivity           d=5 move=h7h5 loss=111cp exp=0.402 nodes=357888 timeout=True

[17/18] pgn_nn_vs_stockfish_2000_g9_p45 SF=g5f4 +116 exp=0.841
  baseline                 d=6 move=b4b5 loss=116cp exp=0.341 nodes=314880 timeout=True
  no_null                  d=6 move=b4b5 loss=116cp exp=0.341 nodes=306688 timeout=True
  null_safe                d=6 move=b4b5 loss=116cp exp=0.341 nodes=302592 timeout=True
  no_lmr                   d=6 move=b4b5 loss=116cp exp=0.341 nodes=323584 timeout=True
  lmr_safe                 d=6 move=b4b5 loss=116cp exp=0.341 nodes=330496 timeout=True
  no_futility              d=6 move=b4b5 loss=116cp exp=0.341 nodes=360192 timeout=True
  capture_material_order   d=6 move=b4b5 loss=116cp exp=0.341 nodes=307968 timeout=True
  no_aspiration            d=6 move=b4b5 loss=116cp exp=0.341 nodes=316928 timeout=True
  no_pvs                   d=6 move=b4b5 loss=116cp exp=0.341 nodes=308480 timeout=True
  no_null_no_lmr           d=5 move=a5c6 loss=236cp exp=0.697 nodes=321024 timeout=True
  no_null_no_futility      d=6 move=b4b5 loss=116cp exp=0.341 nodes=349952 timeout=True
  no_lmr_no_futility       d=5 move=a5c6 loss=236cp exp=0.697 nodes=400128 timeout=True
  no_selectivity           d=5 move=a5c6 loss=236cp exp=0.697 nodes=413440 timeout=True

[18/18] pgn_v1_1_vs_v1_g12_p5 SF=d1f3 -78 exp=0.393
  baseline                 d=7 move=d1c2 loss=318cp exp=0.393 nodes=29628 timeout=False
  no_null                  d=7 move=d1c2 loss=318cp exp=0.393 nodes=33044 timeout=False
  null_safe                d=7 move=d1c2 loss=318cp exp=0.393 nodes=33051 timeout=False
  no_lmr                   d=7 move=d1c2 loss=318cp exp=0.393 nodes=54147 timeout=False
  lmr_safe                 d=7 move=d1c2 loss=318cp exp=0.393 nodes=36229 timeout=False
  no_futility              d=7 move=d1c2 loss=318cp exp=0.393 nodes=36811 timeout=False
  capture_material_order   d=7 move=d1c2 loss=318cp exp=0.393 nodes=33235 timeout=False
  no_aspiration            d=7 move=d1c2 loss=318cp exp=0.393 nodes=29759 timeout=False
  no_pvs                   d=7 move=d1c2 loss=318cp exp=0.393 nodes=35407 timeout=False
  no_null_no_lmr           d=7 move=d1c2 loss=318cp exp=0.393 nodes=86816 timeout=False
  no_null_no_futility      d=7 move=d1c2 loss=318cp exp=0.393 nodes=40667 timeout=False
  no_lmr_no_futility       d=7 move=d1c2 loss=318cp exp=0.393 nodes=77363 timeout=False
  no_selectivity           d=7 move=d1c2 loss=318cp exp=0.393 nodes=122286 timeout=False

TIMED RETEST: 10 strongest attributed cases
[1/10] validation_0162 attr=unresolved_mixed_or_depth variants=baseline,no_selectivity,no_lmr,no_null
  baseline                 d5d6 d=11 loss=965cp exp=1.000
  no_selectivity           d5d6 d=10 loss=965cp exp=1.000
  no_lmr                   d5d6 d=10 loss=965cp exp=1.000
  no_null                  d5d6 d=11 loss=965cp exp=1.000
[2/10] validation_0286 attr=depth_horizon variants=baseline,no_selectivity,no_null,no_lmr
  baseline                 c1c5 d=6 loss=600cp exp=1.000
  no_selectivity           d5e7 d=4 loss=30cp exp=0.000
  no_null                  c1c5 d=5 loss=600cp exp=1.000
  no_lmr                   c1c5 d=6 loss=600cp exp=1.000
[3/10] validation_0210 attr=unresolved_mixed_or_depth variants=baseline,no_selectivity,no_lmr,no_null
  baseline                 d2f2 d=6 loss=622cp exp=0.999
  no_selectivity           a5c3 d=4 loss=0cp exp=0.000
  no_lmr                   d2f2 d=5 loss=622cp exp=0.999
  no_null                  d2f2 d=5 loss=622cp exp=0.999
[4/10] validation_0370 attr=unresolved_mixed_or_depth variants=baseline,no_selectivity,no_lmr,no_null
  baseline                 c6b4 d=4 loss=511cp exp=0.839
  no_selectivity           c6b4 d=4 loss=511cp exp=0.839
  no_lmr                   c6b4 d=4 loss=511cp exp=0.839
  no_null                  c6b4 d=4 loss=511cp exp=0.839
[5/10] validation_0314 attr=depth_horizon variants=baseline,no_selectivity,no_null,no_lmr
  baseline                 g7h8 d=5 loss=228cp exp=0.587
  no_selectivity           g7h7 d=4 loss=0cp exp=0.000
  no_null                  g7h7 d=4 loss=0cp exp=0.000
  no_lmr                   g7h8 d=5 loss=228cp exp=0.587
[6/10] validation_0384 attr=unresolved_mixed_or_depth variants=baseline,no_selectivity,no_lmr,no_null
  baseline                 g5f7 d=5 loss=307cp exp=0.551
  no_selectivity           g5f7 d=4 loss=307cp exp=0.551
  no_lmr                   g5f7 d=4 loss=307cp exp=0.551
  no_null                  g5f7 d=5 loss=307cp exp=0.551
[7/10] pgn_nn_vs_stockfish_2000_g7_p39 attr=single:no_lmr variants=baseline,no_lmr,no_null
  baseline                 f4f5 d=5 loss=243cp exp=0.502
  no_lmr                   f1f3 d=4 loss=116cp exp=0.310
  no_null                  f4f5 d=5 loss=243cp exp=0.502
[8/10] validation_0073 attr=unresolved_mixed_or_depth variants=baseline,no_selectivity,no_lmr,no_null
  baseline                 a6d3 d=10 loss=478cp exp=0.471
  no_selectivity           a6d3 d=8 loss=478cp exp=0.471
  no_lmr                   e4f3 d=9 loss=531cp exp=0.500
  no_null                  e4f3 d=9 loss=531cp exp=0.500
[9/10] pgn_v1_1_vs_v1_g11_p9 attr=unresolved_mixed_or_depth variants=baseline,no_selectivity,no_lmr,no_null
  baseline                 e4b1 d=7 loss=279cp exp=0.498
  no_selectivity           e4c2 d=6 loss=378cp exp=0.498
  no_lmr                   e4c2 d=7 loss=378cp exp=0.498
  no_null                  e4b1 d=7 loss=279cp exp=0.498
[10/10] validation_0247 attr=single:no_lmr variants=baseline,no_lmr,no_null
  baseline                 d5f3 d=5 loss=177cp exp=0.493
  no_lmr                   d5d6 d=5 loss=0cp exp=0.000
  no_null                  d5f3 d=5 loss=177cp exp=0.493

DONE
Report: deep_pathology_results/FINAL_REPORT.txt
Attribution: deep_pathology_results/06_attribution.csv
Pathologies: deep_pathology_results/03_pathology_set.csv
elapsed=1.19h remaining=3.31h
