Device: cpu
Training shards: 402
Starting global position: 600,000,000
Additional positions: 1,200,000,000
Target global position: 1,800,000,000
Batch size: 2,048
Parameters: 50,568
Loaded AdamW optimizer moments from checkpoint.
Continuation LR: 1.00e-04 -> 2.50e-05
Loading permanent validation set...
Validation positions: 249,949
Non-standard skipped: 51
Mate positions: 30,338

Initial continuation validation:
  Target MAE:       0.2325
  CP MAE:           220.0 cp
  Balanced CP MAE:  89.3 cp
  Medium CP MAE:    124.5 cp
  Sign accuracy:    86.5%
  Mate sign:        95.3%
  <=50cp balanced:  43.8%
  <=100cp balanced: 68.5%

Starting continuation data epoch 1 (global=600,000,000)
session=10,000,384 global=610,000,384 loss=0.11206 lr=9.94e-05 rate=29,631/s gpu_mem=0MB elapsed=0.09h
session=20,000,768 global=620,000,768 loss=0.11362 lr=9.87e-05 rate=30,021/s gpu_mem=0MB elapsed=0.19h
session=30,001,152 global=630,001,152 loss=0.11448 lr=9.81e-05 rate=30,345/s gpu_mem=0MB elapsed=0.27h
session=40,001,536 global=640,001,536 loss=0.10527 lr=9.75e-05 rate=30,600/s gpu_mem=0MB elapsed=0.36h
session=50,001,920 global=650,001,920 loss=0.11096 lr=9.69e-05 rate=30,615/s gpu_mem=0MB elapsed=0.45h
session=60,000,256 global=660,000,256 loss=0.11304 lr=9.62e-05 rate=30,660/s gpu_mem=0MB elapsed=0.54h
session=70,000,640 global=670,000,640 loss=0.11374 lr=9.56e-05 rate=30,742/s gpu_mem=0MB elapsed=0.63h
session=80,001,024 global=680,001,024 loss=0.10907 lr=9.50e-05 rate=30,771/s gpu_mem=0MB elapsed=0.72h
session=90,001,408 global=690,001,408 loss=0.11242 lr=9.44e-05 rate=30,794/s gpu_mem=0MB elapsed=0.81h
session=100,001,792 global=700,001,792 loss=0.11673 lr=9.37e-05 rate=30,819/s gpu_mem=0MB elapsed=0.90h

Checkpoint 700m
  Target MAE:       0.2314
  CP MAE:           217.4 cp
  Balanced CP MAE:  95.3 cp
  Medium CP MAE:    124.1 cp
  Sign accuracy:    86.2%
  Mate sign:        95.0%
  <=50cp balanced:  40.3%
  <=100cp balanced: 66.0%

Saved training/models/v1_sf_long_1800m/checkpoint_700m.pt
session=110,000,128 global=710,000,128 loss=0.11191 lr=9.31e-05 rate=30,811/s gpu_mem=0MB elapsed=0.99h
session=120,000,512 global=720,000,512 loss=0.11156 lr=9.25e-05 rate=30,818/s gpu_mem=0MB elapsed=1.08h
session=130,000,896 global=730,000,896 loss=0.11087 lr=9.19e-05 rate=30,871/s gpu_mem=0MB elapsed=1.17h
session=140,001,280 global=740,001,280 loss=0.10626 lr=9.12e-05 rate=30,772/s gpu_mem=0MB elapsed=1.26h
session=150,001,664 global=750,001,664 loss=0.11233 lr=9.06e-05 rate=30,771/s gpu_mem=0MB elapsed=1.35h
session=160,000,000 global=760,000,000 loss=0.11283 lr=9.00e-05 rate=30,768/s gpu_mem=0MB elapsed=1.44h
session=170,000,384 global=770,000,384 loss=0.11200 lr=8.94e-05 rate=30,772/s gpu_mem=0MB elapsed=1.53h
session=180,000,768 global=780,000,768 loss=0.10934 lr=8.87e-05 rate=30,777/s gpu_mem=0MB elapsed=1.62h
session=190,001,152 global=790,001,152 loss=0.11006 lr=8.81e-05 rate=30,776/s gpu_mem=0MB elapsed=1.71h
session=200,001,536 global=800,001,536 loss=0.11122 lr=8.75e-05 rate=30,789/s gpu_mem=0MB elapsed=1.80h

Checkpoint 800m
  Target MAE:       0.2296
  CP MAE:           217.8 cp
  Balanced CP MAE:  90.7 cp
  Medium CP MAE:    123.3 cp
  Sign accuracy:    86.6%
  Mate sign:        95.3%
  <=50cp balanced:  43.3%
  <=100cp balanced: 67.9%

Saved training/models/v1_sf_long_1800m/checkpoint_800m.pt
session=210,001,920 global=810,001,920 loss=0.11230 lr=8.69e-05 rate=30,801/s gpu_mem=0MB elapsed=1.89h
session=220,000,256 global=820,000,256 loss=0.11214 lr=8.62e-05 rate=30,808/s gpu_mem=0MB elapsed=1.98h
session=230,000,640 global=830,000,640 loss=0.11213 lr=8.56e-05 rate=30,824/s gpu_mem=0MB elapsed=2.07h
session=240,001,024 global=840,001,024 loss=0.11193 lr=8.50e-05 rate=30,829/s gpu_mem=0MB elapsed=2.16h
session=250,001,408 global=850,001,408 loss=0.11151 lr=8.44e-05 rate=30,831/s gpu_mem=0MB elapsed=2.25h
session=260,001,792 global=860,001,792 loss=0.11310 lr=8.37e-05 rate=30,838/s gpu_mem=0MB elapsed=2.34h
session=270,000,128 global=870,000,128 loss=0.11312 lr=8.31e-05 rate=30,838/s gpu_mem=0MB elapsed=2.43h
session=280,000,512 global=880,000,512 loss=0.11125 lr=8.25e-05 rate=30,844/s gpu_mem=0MB elapsed=2.52h
session=290,000,896 global=890,000,896 loss=0.11464 lr=8.19e-05 rate=30,839/s gpu_mem=0MB elapsed=2.61h
session=300,001,280 global=900,001,280 loss=0.11276 lr=8.12e-05 rate=30,846/s gpu_mem=0MB elapsed=2.70h

Checkpoint 900m
  Target MAE:       0.2306
  CP MAE:           218.4 cp
  Balanced CP MAE:  90.7 cp
  Medium CP MAE:    123.8 cp
  Sign accuracy:    86.5%
  Mate sign:        95.3%
  <=50cp balanced:  43.3%
  <=100cp balanced: 67.9%

Saved training/models/v1_sf_long_1800m/checkpoint_900m.pt
session=310,001,664 global=910,001,664 loss=0.10762 lr=8.06e-05 rate=30,830/s gpu_mem=0MB elapsed=2.79h
session=320,000,000 global=920,000,000 loss=0.11199 lr=8.00e-05 rate=30,835/s gpu_mem=0MB elapsed=2.88h
session=330,000,384 global=930,000,384 loss=0.10968 lr=7.94e-05 rate=30,829/s gpu_mem=0MB elapsed=2.97h
session=340,000,768 global=940,000,768 loss=0.11610 lr=7.87e-05 rate=30,834/s gpu_mem=0MB elapsed=3.06h
session=350,001,152 global=950,001,152 loss=0.10361 lr=7.81e-05 rate=30,852/s gpu_mem=0MB elapsed=3.15h
session=360,001,536 global=960,001,536 loss=0.11125 lr=7.75e-05 rate=30,855/s gpu_mem=0MB elapsed=3.24h
session=370,001,920 global=970,001,920 loss=0.10640 lr=7.69e-05 rate=30,863/s gpu_mem=0MB elapsed=3.33h
session=380,000,256 global=980,000,256 loss=0.11335 lr=7.62e-05 rate=30,863/s gpu_mem=0MB elapsed=3.42h
session=390,000,640 global=990,000,640 loss=0.11164 lr=7.56e-05 rate=30,831/s gpu_mem=0MB elapsed=3.51h
session=400,001,024 global=1,000,001,024 loss=0.11326 lr=7.50e-05 rate=30,833/s gpu_mem=0MB elapsed=3.60h

Checkpoint 1b
  Target MAE:       0.2298
  CP MAE:           218.4 cp
  Balanced CP MAE:  91.5 cp
  Medium CP MAE:    123.9 cp
  Sign accuracy:    86.6%
  Mate sign:        95.5%
  <=50cp balanced:  43.0%
  <=100cp balanced: 67.6%

Saved training/models/v1_sf_long_1800m/checkpoint_1b.pt
Starting continuation data epoch 2 (global=1,000,969,728)
session=410,001,408 global=1,010,001,408 loss=0.11258 lr=7.44e-05 rate=30,829/s gpu_mem=0MB elapsed=3.69h
session=420,001,792 global=1,020,001,792 loss=0.11166 lr=7.37e-05 rate=30,715/s gpu_mem=0MB elapsed=3.80h
session=430,000,128 global=1,030,000,128 loss=0.11113 lr=7.31e-05 rate=30,718/s gpu_mem=0MB elapsed=3.89h
session=440,000,512 global=1,040,000,512 loss=0.11238 lr=7.25e-05 rate=30,714/s gpu_mem=0MB elapsed=3.98h
session=450,000,896 global=1,050,000,896 loss=0.11028 lr=7.19e-05 rate=30,716/s gpu_mem=0MB elapsed=4.07h
session=460,001,280 global=1,060,001,280 loss=0.11400 lr=7.12e-05 rate=30,721/s gpu_mem=0MB elapsed=4.16h
session=470,001,664 global=1,070,001,664 loss=0.11585 lr=7.06e-05 rate=30,722/s gpu_mem=0MB elapsed=4.25h
session=480,000,000 global=1,080,000,000 loss=0.11175 lr=7.00e-05 rate=30,724/s gpu_mem=0MB elapsed=4.34h
session=490,000,384 global=1,090,000,384 loss=0.10691 lr=6.94e-05 rate=30,726/s gpu_mem=0MB elapsed=4.43h
session=500,000,768 global=1,100,000,768 loss=0.10956 lr=6.87e-05 rate=30,730/s gpu_mem=0MB elapsed=4.52h

Checkpoint 1.1b
  Target MAE:       0.2299
  CP MAE:           218.9 cp
  Balanced CP MAE:  91.6 cp
  Medium CP MAE:    124.2 cp
  Sign accuracy:    86.6%
  Mate sign:        95.7%
  <=50cp balanced:  43.2%
  <=100cp balanced: 67.6%

Saved training/models/v1_sf_long_1800m/checkpoint_1.1b.pt
session=510,001,152 global=1,110,001,152 loss=0.11600 lr=6.81e-05 rate=30,737/s gpu_mem=0MB elapsed=4.61h
session=520,001,536 global=1,120,001,536 loss=0.11182 lr=6.75e-05 rate=30,742/s gpu_mem=0MB elapsed=4.70h
session=530,001,920 global=1,130,001,920 loss=0.11275 lr=6.69e-05 rate=30,749/s gpu_mem=0MB elapsed=4.79h
session=540,000,256 global=1,140,000,256 loss=0.10775 lr=6.62e-05 rate=30,756/s gpu_mem=0MB elapsed=4.88h
session=550,000,640 global=1,150,000,640 loss=0.10861 lr=6.56e-05 rate=30,769/s gpu_mem=0MB elapsed=4.97h
session=560,001,024 global=1,160,001,024 loss=0.10821 lr=6.50e-05 rate=30,769/s gpu_mem=0MB elapsed=5.06h
session=570,001,408 global=1,170,001,408 loss=0.10956 lr=6.44e-05 rate=30,776/s gpu_mem=0MB elapsed=5.14h
session=580,001,792 global=1,180,001,792 loss=0.11488 lr=6.37e-05 rate=30,784/s gpu_mem=0MB elapsed=5.23h
session=590,000,128 global=1,190,000,128 loss=0.10525 lr=6.31e-05 rate=30,792/s gpu_mem=0MB elapsed=5.32h
session=600,000,512 global=1,200,000,512 loss=0.11366 lr=6.25e-05 rate=30,799/s gpu_mem=0MB elapsed=5.41h

Checkpoint 1.2b
  Target MAE:       0.2323
  CP MAE:           220.6 cp
  Balanced CP MAE:  87.8 cp
  Medium CP MAE:    124.2 cp
  Sign accuracy:    86.5%
  Mate sign:        95.8%
  <=50cp balanced:  44.7%
  <=100cp balanced: 69.3%

Saved training/models/v1_sf_long_1800m/checkpoint_1.2b.pt
session=610,000,896 global=1,210,000,896 loss=0.11301 lr=6.19e-05 rate=30,798/s gpu_mem=0MB elapsed=5.50h
session=620,001,280 global=1,220,001,280 loss=0.11466 lr=6.12e-05 rate=30,799/s gpu_mem=0MB elapsed=5.59h
session=630,001,664 global=1,230,001,664 loss=0.10412 lr=6.06e-05 rate=30,799/s gpu_mem=0MB elapsed=5.68h
session=640,000,000 global=1,240,000,000 loss=0.11221 lr=6.00e-05 rate=30,799/s gpu_mem=0MB elapsed=5.77h
session=650,000,384 global=1,250,000,384 loss=0.11178 lr=5.94e-05 rate=30,806/s gpu_mem=0MB elapsed=5.86h
session=660,000,768 global=1,260,000,768 loss=0.10769 lr=5.87e-05 rate=30,813/s gpu_mem=0MB elapsed=5.95h
session=670,001,152 global=1,270,001,152 loss=0.11044 lr=5.81e-05 rate=30,810/s gpu_mem=0MB elapsed=6.04h
session=680,001,536 global=1,280,001,536 loss=0.11044 lr=5.75e-05 rate=30,815/s gpu_mem=0MB elapsed=6.13h
session=690,001,920 global=1,290,001,920 loss=0.11154 lr=5.69e-05 rate=30,815/s gpu_mem=0MB elapsed=6.22h
session=700,000,256 global=1,300,000,256 loss=0.11548 lr=5.62e-05 rate=30,817/s gpu_mem=0MB elapsed=6.31h

Checkpoint 1.3b
  Target MAE:       0.2295
  CP MAE:           218.3 cp
  Balanced CP MAE:  89.7 cp
  Medium CP MAE:    123.4 cp
  Sign accuracy:    86.7%
  Mate sign:        95.5%
  <=50cp balanced:  43.8%
  <=100cp balanced: 68.4%

Saved training/models/v1_sf_long_1800m/checkpoint_1.3b.pt
session=710,000,640 global=1,310,000,640 loss=0.11034 lr=5.56e-05 rate=30,812/s gpu_mem=0MB elapsed=6.40h
session=720,001,024 global=1,320,001,024 loss=0.11068 lr=5.50e-05 rate=30,816/s gpu_mem=0MB elapsed=6.49h
session=730,001,408 global=1,330,001,408 loss=0.11206 lr=5.44e-05 rate=30,816/s gpu_mem=0MB elapsed=6.58h
session=740,001,792 global=1,340,001,792 loss=0.11117 lr=5.37e-05 rate=30,814/s gpu_mem=0MB elapsed=6.67h
session=750,000,128 global=1,350,000,128 loss=0.11146 lr=5.31e-05 rate=30,815/s gpu_mem=0MB elapsed=6.76h
session=760,000,512 global=1,360,000,512 loss=0.11734 lr=5.25e-05 rate=30,813/s gpu_mem=0MB elapsed=6.85h
session=770,000,896 global=1,370,000,896 loss=0.10606 lr=5.19e-05 rate=30,820/s gpu_mem=0MB elapsed=6.94h
session=780,001,280 global=1,380,001,280 loss=0.11130 lr=5.12e-05 rate=30,819/s gpu_mem=0MB elapsed=7.03h
session=790,001,664 global=1,390,001,664 loss=0.10882 lr=5.06e-05 rate=30,805/s gpu_mem=0MB elapsed=7.12h
session=800,000,000 global=1,400,000,000 loss=0.10746 lr=5.00e-05 rate=30,795/s gpu_mem=0MB elapsed=7.22h

Checkpoint 1.4b
  Target MAE:       0.2289
  CP MAE:           217.6 cp
  Balanced CP MAE:  89.8 cp
  Medium CP MAE:    122.9 cp
  Sign accuracy:    86.6%
  Mate sign:        95.4%
  <=50cp balanced:  43.8%
  <=100cp balanced: 68.3%

Saved training/models/v1_sf_long_1800m/checkpoint_1.4b.pt
Starting continuation data epoch 3 (global=1,401,939,456)
session=810,000,384 global=1,410,000,384 loss=0.11135 lr=4.94e-05 rate=30,776/s gpu_mem=0MB elapsed=7.31h
session=820,000,768 global=1,420,000,768 loss=0.11457 lr=4.87e-05 rate=30,746/s gpu_mem=0MB elapsed=7.41h
session=830,001,152 global=1,430,001,152 loss=0.11246 lr=4.81e-05 rate=30,714/s gpu_mem=0MB elapsed=7.51h
