Device: cpu
Parameters: 50,568
Starting checkpoint positions: 1,400,000,000
Linear recalibration positions: 100,000,000
CP clip: +/-2000
Huber beta: 200 cp
INITIAL RAW-RUNTIME CALIBRATION
  clipped_cp_mae              : 157.5150
  balanced_cp_mae             : 89.8032
  medium_cp_mae               : 122.9079
  sign_accuracy               : 0.8664
  calibration_slope_abs1000   : 0.4774
  correlation_abs1000         : 0.7211
  residual_std_abs1000        : 191.9532
  mate_sign_accuracy          : 0.9536
  max_abs_prediction_cp       : 2434.9683
Starting epoch 1, session=0
session=5,001,216 global=1,405,001,216 loss=0.50247 lr=4.80e-05 rate=26,603/s elapsed=3.1m
session=10,000,384 global=1,410,000,384 loss=0.48236 lr=4.60e-05 rate=26,089/s elapsed=6.4m
session=15,001,600 global=1,415,001,600 loss=0.47074 lr=4.40e-05 rate=26,583/s elapsed=9.4m
session=20,000,768 global=1,420,000,768 loss=0.46954 lr=4.20e-05 rate=27,032/s elapsed=12.3m
session=25,001,984 global=1,425,001,984 loss=0.47202 lr=4.00e-05 rate=27,563/s elapsed=15.1m
VALIDATION @ 25.002m LINEAR POSITIONS
  clipped_cp_mae              : 164.2022
  balanced_cp_mae             : 117.4339
  medium_cp_mae               : 139.6295
  sign_accuracy               : 0.8633
  calibration_slope_abs1000   : 0.6925
  correlation_abs1000         : 0.6692
  residual_std_abs1000        : 228.7247
  mate_sign_accuracy          : 0.9480
  max_abs_prediction_cp       : 2716.0002
Saved training/models/v1_linear_huber_100m/checkpoint_linear_25.002m.pt
session=30,001,152 global=1,430,001,152 loss=0.47365 lr=3.80e-05 rate=27,315/s elapsed=18.3m
session=35,000,320 global=1,435,000,320 loss=0.47017 lr=3.60e-05 rate=27,596/s elapsed=21.1m
session=40,001,536 global=1,440,001,536 loss=0.46857 lr=3.40e-05 rate=27,712/s elapsed=24.1m
session=45,000,704 global=1,445,000,704 loss=0.46554 lr=3.20e-05 rate=27,958/s elapsed=26.8m
session=50,001,920 global=1,450,001,920 loss=0.46276 lr=3.00e-05 rate=28,162/s elapsed=29.6m
VALIDATION @ 50.0019m LINEAR POSITIONS
  clipped_cp_mae              : 166.0786
  balanced_cp_mae             : 120.3360
  medium_cp_mae               : 142.5847
  sign_accuracy               : 0.8631
  calibration_slope_abs1000   : 0.7014
  correlation_abs1000         : 0.6542
  residual_std_abs1000        : 238.7142
  mate_sign_accuracy          : 0.9482
  max_abs_prediction_cp       : 2488.6245
Saved training/models/v1_linear_huber_100m/checkpoint_linear_50.0019m.pt
session=55,001,088 global=1,455,001,088 loss=0.46265 lr=2.80e-05 rate=28,376/s elapsed=32.3m
session=60,000,256 global=1,460,000,256 loss=0.46169 lr=2.60e-05 rate=28,566/s elapsed=35.0m
session=65,001,472 global=1,465,001,472 loss=0.45839 lr=2.40e-05 rate=28,716/s elapsed=37.7m
session=70,000,640 global=1,470,000,640 loss=0.45771 lr=2.20e-05 rate=28,834/s elapsed=40.5m
session=75,001,856 global=1,475,001,856 loss=0.45744 lr=2.00e-05 rate=28,986/s elapsed=43.1m
VALIDATION @ 75.0019m LINEAR POSITIONS
  clipped_cp_mae              : 168.8673
  balanced_cp_mae             : 124.2888
  medium_cp_mae               : 146.0209
  sign_accuracy               : 0.8620
  calibration_slope_abs1000   : 0.7267
  correlation_abs1000         : 0.6510
  residual_std_abs1000        : 245.8090
  mate_sign_accuracy          : 0.9484
  max_abs_prediction_cp       : 2414.6052
Saved training/models/v1_linear_huber_100m/checkpoint_linear_75.0019m.pt
session=80,001,024 global=1,480,001,024 loss=0.45752 lr=1.80e-05 rate=29,104/s elapsed=45.8m
session=85,000,192 global=1,485,000,192 loss=0.45755 lr=1.60e-05 rate=29,237/s elapsed=48.5m
session=90,001,408 global=1,490,001,408 loss=0.45795 lr=1.40e-05 rate=29,345/s elapsed=51.1m
session=95,000,576 global=1,495,000,576 loss=0.45910 lr=1.20e-05 rate=29,447/s elapsed=53.8m
session=100,000,000 global=1,500,000,000 loss=0.45870 lr=1.00e-05 rate=29,514/s elapsed=56.5m
VALIDATION @ 100m LINEAR POSITIONS
  clipped_cp_mae              : 171.6898
  balanced_cp_mae             : 126.7016
  medium_cp_mae               : 149.0064
  sign_accuracy               : 0.8600
  calibration_slope_abs1000   : 0.7348
  correlation_abs1000         : 0.6428
  residual_std_abs1000        : 253.0429
  mate_sign_accuracy          : 0.9520
  max_abs_prediction_cp       : 2424.0671
Saved training/models/v1_linear_huber_100m/checkpoint_linear_100m.pt
LINEAR RECALIBRATION COMPLETE
